ecc: error: [6:5] enumeration constant value must be specified by an integer constant expression
