ecc: error: [3:1] functions may not specify array or function return types
ecc: error: [5:1] functions may not specify array or function return types
